toor@ip-172-31-10-241:~$ mkdir -p ~/behavior-lab/{data,scripts,visualizations,web}
toor@ip-172-31-10-241:~$ cd ~/behavior-lab

toor@ip-172-31-10-241:~/behavior-lab$ sudo apt update
Hit:1 http://archive.ubuntu.com/ubuntu noble InRelease
Hit:2 http://archive.ubuntu.com/ubuntu noble-updates InRelease
Hit:3 http://archive.ubuntu.com/ubuntu noble-backports InRelease
Hit:4 http://security.ubuntu.com/ubuntu noble-security InRelease
Reading package lists... Done
Building dependency tree... Done
Reading state information... Done
All packages are up to date.

toor@ip-172-31-10-241:~/behavior-lab$ sudo apt install -y python3-pip python3-venv nodejs npm
Reading package lists... Done
Building dependency tree... Done
Reading state information... Done
python3-pip is already the newest version (24.0+dfsg-1).
python3-venv is already the newest version (3.12.3-0ubuntu2).
nodejs is already the newest version (18.19.1+dfsg-6ubuntu5).
npm is already the newest version (9.2.0~ds1-3).
0 upgraded, 0 newly installed, 0 to remove and 0 not upgraded.

toor@ip-172-31-10-241:~/behavior-lab$ python3 -m venv venv
toor@ip-172-31-10-241:~/behavior-lab$ source venv/bin/activate
(venv) toor@ip-172-31-10-241:~/behavior-lab$ pip install --upgrade pip
Requirement already satisfied: pip in ./venv/lib/python3.12/site-packages (24.0)
Collecting pip
  Downloading pip-25.0.1-py3-none-any.whl.metadata (3.7 kB)
Downloading pip-25.0.1-py3-none-any.whl (2.1 MB)
   ━━━━━━━━━━━━━━━━━━━━━━━━━━━━━━━━━━━━━━━━ 2.1/2.1 MB 19.4 MB/s eta 0:00:00
Installing collected packages: pip
  Attempting uninstall: pip
    Found existing installation: pip 24.0
    Uninstalling pip-24.0:
      Successfully uninstalled pip-24.0
Successfully installed pip-25.0.1

(venv) toor@ip-172-31-10-241:~/behavior-lab$ pip install pandas numpy matplotlib seaborn
Collecting pandas
Collecting numpy
Collecting matplotlib
Collecting seaborn

Successfully installed contourpy-1.3.1 cycler-0.12.1 fonttools-4.56.0 kiwisolver-1.4.8 matplotlib-3.9.2 numpy-2.1.3 packaging-24.2 pandas-2.2.3 pillow-11.0.0 pyparsing-3.2.1 python-dateutil-2.9.0.post0 pytz-2025.1 seaborn-0.13.2 six-1.17.0 tzdata-2025.1

(venv) toor@ip-172-31-10-241:~/behavior-lab$ head -n 6 data/behavior_template.csv
Employee_ID,Department,Training_Date,Pre_Score,Post_Score,Phishing_Test_1,Phishing_Test_2,Phishing_Test_3,Password_Compliance,MFA_Enabled,Incident_Reports,Behavior_Score,Risk_Level
EMP001,IT,2024-01-15,35,82,Failed,Passed,Passed,Yes,Yes,1,7.5,Low
EMP002,HR,2024-01-15,28,88,Failed,Failed,Passed,Yes,Yes,0,8.2,Low
EMP003,Finance,2024-01-16,42,68,Passed,Passed,Passed,No,No,2,5.8,Medium
EMP004,Marketing,2024-01-16,18,92,Failed,Passed,Passed,Yes,Yes,0,8.9,Low
EMP005,Operations,2024-01-17,38,52,Failed,Failed,Failed,No,No,4,3.1,High


## ✅ Generate Sample Data

(venv) toor@ip-172-31-10-241:~/behavior-lab/scripts$ python3 generate_data.py
Generated 50 employee records
Saved to: /home/toor/behavior-lab/data/behavior_data.csv


## ✅ Run Analysis

(venv) toor@ip-172-31-10-241:~/behavior-lab/scripts$ python3 analyze_behavior.py

=== BEHAVIOR ANALYSIS REPORT ===
Employees analyzed: 50
Avg Pre Score: 35.58 | Avg Post Score: 70.68
Avg Improvement: 35.1 (median 34.0)
Avg Behavior Score: 6.84
Password Compliance: 83.99%
MFA Enabled: 88.0%
Phishing Pass Rates (%): {'sim1': 29.999999999999996, 'sim2': 56.0, 'sim3': 66.0}
Best Department: Legal | Worst Department: Operations

Top Department Summary (first 10 rows):
Department  employees  pre_avg  post_avg  improvement_avg  behavior_avg  pwd_compliance  mfa_enabled  phishing_sim1  phishing_sim2  phishing_sim3
 Executive          6   40.33    76.67           36.33         7.32          83.33       100.00         16.67         66.67         66.67
   Finance          7   38.29    73.00           34.71         7.01          85.71        85.71         28.57         57.14         71.43
       HR          7   34.71    70.57           35.86         6.78          85.71        85.71         28.57         57.14         71.43
       IT          8   39.12    74.25           35.12         7.08          87.50        87.50         25.00         50.00         75.00
    Legal          5   41.80    78.40           36.60         7.44          80.00        80.00         40.00         60.00         80.00
Marketing          6   33.17    67.83           34.67         6.53          83.33        83.33         33.33         50.00         66.67
Operations         9   27.78    63.78           36.00         5.96          77.78        77.78         33.33         44.44         44.44

Risk Distribution: {'Low': 38.0, 'Medium': 40.0, 'High': 22.0}
Employees needing additional phishing training: 20

=== RECOMMENDATIONS ===
1. Maintain current training structure; knowledge improvement is trending positively.
2. Run targeted anti-phishing simulations and coaching for employees who failed the latest simulation.
3. Improve password compliance with policy reminders + password manager rollout and spot checks.
4. Increase MFA adoption: enforce MFA for high-privilege roles and run MFA enablement campaigns.
5. Prioritize interventions for 11 high-risk employees: 1:1 coaching and follow-up assessments.
6. Department needing most attention: Operations. Provide tailored sessions and manager accountability metrics.
7. Incident reporting activity is present; ensure triage processes and feedback loops are timely.

Exported analysis results to: /home/toor/behavior-lab/data/analysis_results.json
Report generated at (UTC): 2026-02-20T10:58:14.327624Z

## ✅ Create Visualizations

(venv) toor@ip-172-31-10-241:~/behavior-lab/scripts$ python3 create_charts.py
Saved: /home/toor/behavior-lab/visualizations/knowledge_improvement.png
Saved: /home/toor/behavior-lab/visualizations/behavior_dashboard.png
Saved: /home/toor/behavior-lab/visualizations/phishing_progression.png
Saved: /home/toor/behavior-lab/visualizations/compliance_heatmap.png
All visualizations generated successfully.


## ✅ Export for Web Dashboard

(venv) toor@ip-172-31-10-241:~/behavior-lab/scripts$ python3 export_for_web.py
Exported dashboard data to: ../web/dashboard_data.json


## ✅ Run Pattern Detection

(venv) toor@ip-172-31-10-241:~/behavior-lab/scripts$ python3 detect_patterns.py
=== PATTERN DETECTION REPORT COMPLETE ===
Saved: /home/toor/behavior-lab/data/pattern_insights.json
Consistent improvers: 18
Employees needing attention: 26
High-risk employees: 11
At-risk predicted (next 30d): 6
Interventions generated: 50


## ✅ Start Web Server

(venv) toor@ip-172-31-10-241:~/behavior-lab/web$ python3 -m http.server 8080
Serving HTTP on 0.0.0.0 port 8080 (http://0.0.0.0:8080/) ...

Access via:
http://localhost:8080/dashboard.html
